// Jest Snapshot v1, https://goo.gl/fbAQLP

exports[`Snapshot tets for <InfoAboutEmptyRequestScreen /> 1`] = `
<div
  className="jumbotron jumbotron-fluid"
>
  <div
    className="container"
  >
    <h1
      className="display-4"
    >
      Sorry...
    </h1>
    <p
      className="lead"
    >
      User not found
    </p>
  </div>
</div>
`;
